Microchip MPLAB XC8 Compiler V1.45 ()

Linker command line:

-W-3 --edf=C:\Program Files (x86)\Microchip\xc8\v1.45\dat\en_msgs.txt -cs \
  -h+dist/default/production\HW_CLK.X.production.sym \
  --cmf=dist/default/production\HW_CLK.X.production.cmf -z -Q18F4620 \
  -oC:\Users\msi\AppData\Local\Temp\s2hg.2 \
  -Mdist/default/production/HW_CLK.X.production.map -E1 -ver=XC8 \
  -ASTACK=017Bh-0f7fh -pstack=STACK -ACODE=00h-0FFFFh -ACONST=00h-0FFFFh \
  -ASMALLCONST=01000h-010FFhx240 -AMEDIUMCONST=01000h-0FFFFh \
  -ACOMRAM=01h-07Fh -AABS1=00h-0F7Fh -ABIGRAM=01h-0F7Fh \
  -ARAM=080h-0FFh,0100h-01FFhx14,0F00h-0F7Fh -ABANK0=080h-0FFh \
  -ABANK1=0100h-01FFh -ABANK2=0200h-02FFh -ABANK3=0300h-03FFh \
  -ABANK4=0400h-04FFh -ABANK5=0500h-05FFh -ABANK6=0600h-06FFh \
  -ABANK7=0700h-07FFh -ABANK8=0800h-08FFh -ABANK9=0900h-09FFh \
  -ABANK10=0A00h-0AFFh -ABANK11=0B00h-0BFFh -ABANK12=0C00h-0CFFh \
  -ABANK13=0D00h-0DFFh -ABANK14=0E00h-0EFFh -ABANK15=0F00h-0F7Fh \
  -ASFR=0F80h-0FFFh -preset_vec=00h,intcode=08h,intcodelo,powerup,init \
  -pramtop=01000h -psmallconst=SMALLCONST -pmediumconst=MEDIUMCONST \
  -pconst=CONST -AFARRAM=00h-00h -ACONFIG=0300000h-030000Dh -pconfig=CONFIG \
  -AIDLOC=0200000h-0200007h -pidloc=IDLOC -AEEDATA=0F00000h-0F003FFh \
  -peeprom_data=EEDATA \
  -prdata=COMRAM,nvrram=COMRAM,nvbit=COMRAM,rbss=COMRAM,rbit=COMRAM \
  -pfarbss=FARRAM,fardata=FARRAM,nvFARRAM=FARRAM \
  -pintsave_regs=BIGRAM,bigbss=BIGRAM,bigdata=BIGRAM -pbss=RAM \
  -pidata=CODE,irdata=CODE,ibigdata=CODE,ifardata=CODE -prparam=COMRAM \
  C:\Users\msi\AppData\Local\Temp\s2hg.obj \
  dist/default/production\HW_CLK.X.production.obj 

Object code version is 3.11

Machine type is 18F4620

Call graph: (short form)




                Name                               Link     Load   Length Selector   Space Scale
C:\Users\msi\AppData\Local\Temp\s2hg.obj
                init                                  E        E        4        4       0
                reset_vec                             0        0        4        0       0
                idloc                            200000   200000        8   200000       0
                config                           300000   300000        E   300000       0
dist/default/production\HW_CLK.X.production.obj
                intcode                               8        8        6        4       0
                temp                                 6A       6A        1        1       1
                mediumconst                        FE5A     FE5A      1A6     7F2D       0
                text45                             2938     2938       80        4       0
                text44                             2FA4     2FA4       18        4       0
                text43                             2F8C     2F8C       18        4       0
                text42                             2F74     2F74       18        4       0
                text41                             2CF8     2CF8       46        4       0
                intcode_body                       2502     2502       C4        4       0
                text39                             2436     2436       CC        4       0
                text38                             2674     2674       AC        4       0
                text37                             2C5E     2C5E       52        4       0
                text36                             2FDC     2FDC        C        4       0
                text35                             2E88     2E88       26        4       0
                text34                             2E34     2E34       2E        4       0
                text33                             2F1A     2F1A       22        4       0
                text32                             2CB0     2CB0       48        4       0
                text31                             2AF4     2AF4       62        4       0
                text30                             2D80     2D80       42        4       0
                text29                             2C08     2C08       56        4       0
                text28                             2EF6     2EF6       24        4       0
                text27                             25C6     25C6       AE        4       0
                text26                             2DFC     2DFC       38        4       0
                text25                             2350     2350       E6        4       0
                text24                             2E62     2E62       26        4       0
                text23                             2DC2     2DC2       3A        4       0
                text22                             2A8E     2A8E       66        4       0
                text21                             2FCC     2FCC       10        4       0
                text20                             2BB2     2BB2       56        4       0
                text19                             2F5A     2F5A       1A        4       0
                text18                             2ED2     2ED2       24        4       0
                text17                             2720     2720       90        4       0
                text16                             2EAE     2EAE       24        4       0
                text15                             1D5C     1D5C      1AE        4       0
                text14                             2D3E     2D3E       42        4       0
                text13                             2164     2164       F8        4       0
                text12                             28B6     28B6       82        4       0
                text11                             2A28     2A28       66        4       0
                text10                             2B56     2B56       5C        4       0
                text9                              203C     203C      128        4       0
                text8                              1F0A     1F0A      132        4       0
                text7                              27B0     27B0       84        4       0
                text6                              29B8     29B8       70        4       0
                text5                              225C     225C       F4        4       0
                text4                              1ADE     1ADE      27E        4       0
                text3                              2F3C     2F3C       1E        4       0
                text2                              1676     1676      468        4       0
                text1                                12       12      C38        4       0
                text0                               C4A      C4A      A2C        4       0
                cstackCOMRAM                          1        1       55        1       1
                cstackBANK0                          80       80       4F       80       1
                cstackBANK1                         100      100       51      100       1
                dataBANK1                           16B      16B       10      100       1
                bssBANK1                            151      151       1A      100       1
                dataBANK0                            CF       CF        4       80       1
                dataCOMRAM                           56       56        B        1       1
                bssCOMRAM                            61       61        9        1       1
                cinit                              2834     2834       82        4       0
                idataBANK1                         2FBC     2FBC       10        4       0
                idataBANK0                         2FF3     2FF3        4        4       0
                idataCOMRAM                        2FE8     2FE8        B        4       0

TOTAL           Name                               Link     Load   Length     Space
        CLASS   STACK          

        CLASS   CODE           
                intcode                               8        8        6         0
                init                                  E        E        4         0
                reset_vec                             0        0        4         0
                text45                             2938     2938       80         0
                text44                             2FA4     2FA4       18         0
                text43                             2F8C     2F8C       18         0
                text42                             2F74     2F74       18         0
                text41                             2CF8     2CF8       46         0
                intcode_body                       2502     2502       C4         0
                text39                             2436     2436       CC         0
                text38                             2674     2674       AC         0
                text37                             2C5E     2C5E       52         0
                text36                             2FDC     2FDC        C         0
                text35                             2E88     2E88       26         0
                text34                             2E34     2E34       2E         0
                text33                             2F1A     2F1A       22         0
                text32                             2CB0     2CB0       48         0
                text31                             2AF4     2AF4       62         0
                text30                             2D80     2D80       42         0
                text29                             2C08     2C08       56         0
                text28                             2EF6     2EF6       24         0
                text27                             25C6     25C6       AE         0
                text26                             2DFC     2DFC       38         0
                text25                             2350     2350       E6         0
                text24                             2E62     2E62       26         0
                text23                             2DC2     2DC2       3A         0
                text22                             2A8E     2A8E       66         0
                text21                             2FCC     2FCC       10         0
                text20                             2BB2     2BB2       56         0
                text19                             2F5A     2F5A       1A         0
                text18                             2ED2     2ED2       24         0
                text17                             2720     2720       90         0
                text16                             2EAE     2EAE       24         0
                text15                             1D5C     1D5C      1AE         0
                text14                             2D3E     2D3E       42         0
                text13                             2164     2164       F8         0
                text12                             28B6     28B6       82         0
                text11                             2A28     2A28       66         0
                text10                             2B56     2B56       5C         0
                text9                              203C     203C      128         0
                text8                              1F0A     1F0A      132         0
                text7                              27B0     27B0       84         0
                text6                              29B8     29B8       70         0
                text5                              225C     225C       F4         0
                text4                              1ADE     1ADE      27E         0
                text3                              2F3C     2F3C       1E         0
                text2                              1676     1676      468         0
                text1                                12       12      C38         0
                text0                               C4A      C4A      A2C         0
                cinit                              2834     2834       82         0
                idataBANK1                         2FBC     2FBC       10         0
                idataBANK0                         2FF3     2FF3        4         0
                idataCOMRAM                        2FE8     2FE8        B         0

        CLASS   CONST          

        CLASS   SMALLCONST     

        CLASS   MEDIUMCONST    
                mediumconst                        FE5A     FE5A      1A6         0

        CLASS   COMRAM         
                temp                                 6A       6A        1         1
                cstackCOMRAM                          1        1       55         1
                dataCOMRAM                           56       56        B         1
                bssCOMRAM                            61       61        9         1

        CLASS   ABS1           

        CLASS   BIGRAM         

        CLASS   RAM            

        CLASS   BANK0          
                cstackBANK0                          80       80       4F         1
                dataBANK0                            CF       CF        4         1

        CLASS   BANK1          
                cstackBANK1                         100      100       51         1
                dataBANK1                           16B      16B       10         1
                bssBANK1                            151      151       1A         1

        CLASS   BANK2          

        CLASS   BANK3          

        CLASS   BANK4          

        CLASS   BANK5          

        CLASS   BANK6          

        CLASS   BANK7          

        CLASS   BANK8          

        CLASS   BANK9          

        CLASS   BANK10         

        CLASS   BANK11         

        CLASS   BANK12         

        CLASS   BANK13         

        CLASS   BANK14         

        CLASS   BANK15         

        CLASS   SFR            

        CLASS   FARRAM         

        CLASS   CONFIG         
                config                           300000   300000        E         0

        CLASS   IDLOC          
                idloc                            200000   200000        8         0

        CLASS   EEDATA         



SEGMENTS        Name                           Load    Length   Top    Selector   Space  Class

                reset_vec                      000000  000004  000004         0       0  CODE    
                cstackCOMRAM                   000001  00006A  00006B         1       1  COMRAM  
                intcode                        000008  002FEF  002FF7         4       0  CODE    
                cstackBANK0                    000080  000053  0000D3        80       1  BANK0   
                cstackBANK1                    000100  00007B  00017B       100       1  BANK1   
                mediumconst                    00FE5A  0001A6  010000      7F2D       0  MEDIUMCO
                idloc                          200000  000008  200008    200000       0  IDLOC   
                config                         300000  00000E  30000E    300000       0  CONFIG  


UNUSED ADDRESS RANGES

        Name                Unused          Largest block    Delta
        BANK0            0000D3-0000FF               2D
        BANK1            00017B-0001FF               85
        BANK10           000A00-000AFF              100
        BANK11           000B00-000BFF              100
        BANK12           000C00-000CFF              100
        BANK13           000D00-000DFF              100
        BANK14           000E00-000EFF              100
        BANK15           000F00-000F7F               80
        BANK2            000200-0002FF              100
        BANK3            000300-0003FF              100
        BANK4            000400-0004FF              100
        BANK5            000500-0005FF              100
        BANK6            000600-0006FF              100
        BANK7            000700-0007FF              100
        BANK8            000800-0008FF              100
        BANK9            000900-0009FF              100
        BIGRAM           00006B-00007F               15
                         0000D3-0000FF               2D
                         00017B-000F7F              E05
        CODE             000004-000007                4
                         002FF7-00FE59             CE63
        COMRAM           00006B-00007F               15
        CONST            000004-000007                4
                         002FF7-00FE59             CE63
        EEDATA           F00000-F003FF              400
        MEDIUMCONST      002FF7-00FE59             CE63
        RAM              0000D3-0000FF               2D
                         00017B-000F7F              100
        SFR              000F80-000FFF               80
        SMALLCONST       002FF7-00FE59              100
        STACK            00017B-000F7F              E05

                                  Symbol Table

?___aldiv                     cstackCOMRAM 000014
?___almod                     cstackCOMRAM 000014
?___awdiv                     cstackCOMRAM 00001A
?___awmod                     cstackCOMRAM 000014
?___awtoft                    cstackCOMRAM 000028
?___ftadd                     cstackBANK0  000087
?___ftdiv                     cstackCOMRAM 00002C
?___ftmul                     cstackCOMRAM 000044
?___ftneg                     cstackCOMRAM 000014
?___ftpack                    cstackCOMRAM 000014
?___ftsub                     cstackBANK0  000093
?___fttol                     cstackBANK0  000084
?___lldiv                     cstackCOMRAM 000014
?___llmod                     cstackCOMRAM 000021
?___lltoft                    cstackCOMRAM 00001C
?___wmul                      cstackCOMRAM 000022
?__div_to_l_                  cstackCOMRAM 000014
?__tdiv_to_l_                 cstackCOMRAM 000014
?_fround                      cstackCOMRAM 000053
?_read_adc_raw_no_lib         cstackCOMRAM 000014
?_read_adc_voltage            cstackCOMRAM 00003B
?_scale                       cstackCOMRAM 000053
?_sprintf                     cstackBANK0  000099
_ADCON0                       (abs)        000FC2
_ADCON0bits                   (abs)        000FC2
_ADCON1                       (abs)        000FC1
_ADCON2                       (abs)        000FC0
_ADRESH                       (abs)        000FC4
_ADRESL                       (abs)        000FC3
_BAUDCONbits                  (abs)        000FB8
_Clock                        bssBANK1     000151
_CookingTime                  bssCOMRAM    000063
_CountBeep                    bssCOMRAM    000061
_EnableHeat                   bssBANK1     000155
_Flags                        bssBANK1     000157
_H                            dataCOMRAM   00005D
_HeatON                       bssCOMRAM    000068
_INTCON                       (abs)        000FF2
_INTCON2                      (abs)        000FF1
_INTCON2bits                  (abs)        000FF1
_INTCON3                      (abs)        000FF0
_INTCON3bits                  (abs)        000FF0
_INTCONbits                   (abs)        000FF2
_IncMode                      bssBANK1     000159
_IncStr                       dataBANK1    000171
_IncVal                       dataBANK1    00016B
_LCD_INIT_STRING              dataBANK0    0000CF
_MaxCookTime                  dataCOMRAM   000059
_MaxHour                      dataCOMRAM   00005B
_PIE1                         (abs)        000F9D
_PIE1bits                     (abs)        000F9D
_PIE2                         (abs)        000FA0
_PIR1bits                     (abs)        000F9E
_PIR2                         (abs)        000FA1
_PORTBbits                    (abs)        000F81
_PORTCbits                    (abs)        000F82
_PORTDbits                    (abs)        000F83
_PORTEbits                    (abs)        000F84
_RCON                         (abs)        000FD0
_RCONbits                     (abs)        000FD0
_RCREG                        (abs)        000FAE
_RCSTA                        (abs)        000FAB
_RCSTAbits                    (abs)        000FAB
_RX_ISR                       text45       002938
_SPBRG                        (abs)        000FAF
_SPBRGH                       (abs)        000FB0
_SetPoint                     dataCOMRAM   000056
_StateStr                     dataBANK1    000177
_StopCooking                  bssCOMRAM    000067
_T0CON                        (abs)        000FD5
_T0CONbits                    (abs)        000FD5
_T3CON                        (abs)        000FB1
_TMR0H                        (abs)        000FD7
_TMR0L                        (abs)        000FD6
_TRISA                        (abs)        000F92
_TRISB                        (abs)        000F93
_TRISC                        (abs)        000F94
_TRISD                        (abs)        000F95
_TRISE                        (abs)        000F96
_TXREG                        (abs)        000FAD
_TXSTA                        (abs)        000FAC
_TXSTAbits                    (abs)        000FAC
__CFG_BOREN$SBORDIS           (abs)        000000
__CFG_BORV$3                  (abs)        000000
__CFG_CCP2MX$PORTC            (abs)        000000
__CFG_CP0$OFF                 (abs)        000000
__CFG_CP1$OFF                 (abs)        000000
__CFG_CP2$OFF                 (abs)        000000
__CFG_CP3$OFF                 (abs)        000000
__CFG_CPB$OFF                 (abs)        000000
__CFG_CPD$OFF                 (abs)        000000
__CFG_EBTR0$OFF               (abs)        000000
__CFG_EBTR1$OFF               (abs)        000000
__CFG_EBTR2$OFF               (abs)        000000
__CFG_EBTR3$OFF               (abs)        000000
__CFG_EBTRB$OFF               (abs)        000000
__CFG_FCMEN$OFF               (abs)        000000
__CFG_IESO$OFF                (abs)        000000
__CFG_LPT1OSC$OFF             (abs)        000000
__CFG_LVP$ON                  (abs)        000000
__CFG_MCLRE$ON                (abs)        000000
__CFG_OSC$XT                  (abs)        000000
__CFG_PBADEN$ON               (abs)        000000
__CFG_PWRT$OFF                (abs)        000000
__CFG_STVREN$ON               (abs)        000000
__CFG_WDT$ON                  (abs)        000000
__CFG_WDTPS$32768             (abs)        000000
__CFG_WRT0$OFF                (abs)        000000
__CFG_WRT1$OFF                (abs)        000000
__CFG_WRT2$OFF                (abs)        000000
__CFG_WRT3$OFF                (abs)        000000
__CFG_WRTB$OFF                (abs)        000000
__CFG_WRTC$OFF                (abs)        000000
__CFG_WRTD$OFF                (abs)        000000
__CFG_XINST$OFF               (abs)        000000
__HRAM                        (abs)        000000
__Habs1                       abs1         000000
__Hbank0                      bank0        000000
__Hbank1                      bank1        000000
__Hbank10                     bank10       000000
__Hbank11                     bank11       000000
__Hbank12                     bank12       000000
__Hbank13                     bank13       000000
__Hbank14                     bank14       000000
__Hbank15                     bank15       000000
__Hbank2                      bank2        000000
__Hbank3                      bank3        000000
__Hbank4                      bank4        000000
__Hbank5                      bank5        000000
__Hbank6                      bank6        000000
__Hbank7                      bank7        000000
__Hbank8                      bank8        000000
__Hbank9                      bank9        000000
__Hbigbss                     bigbss       000000
__Hbigdata                    bigdata      000000
__Hbigram                     bigram       000000
__Hbss                        bss          000000
__HbssBANK1                   bssBANK1     000000
__HbssCOMRAM                  bssCOMRAM    000000
__Hcinit                      cinit        000000
__Hclrtext                    clrtext      000000
__Hcomram                     comram       000000
__Hconfig                     config       30000E
__Hconst                      const        000000
__HcstackBANK0                cstackBANK0  000000
__HcstackBANK1                cstackBANK1  000000
__HcstackCOMRAM               cstackCOMRAM 000000
__Hdata                       data         000000
__HdataBANK0                  dataBANK0    000000
__HdataBANK1                  dataBANK1    000000
__HdataCOMRAM                 dataCOMRAM   000000
__Heeprom_data                eeprom_data  000000
__Hfarbss                     farbss       000000
__Hfardata                    fardata      000000
__Hibigdata                   ibigdata     000000
__Hidata                      idata        000000
__HidataBANK0                 idataBANK0   000000
__HidataBANK1                 idataBANK1   000000
__HidataCOMRAM                idataCOMRAM  000000
__Hidloc                      idloc        200008
__Hifardata                   ifardata     000000
__Hinit                       init         000012
__Hintcode                    intcode      00000E
__Hintcode_body               intcode_body 000000
__Hintcodelo                  intcodelo    00000E
__Hintentry                   intentry     000000
__Hintret                     intret       000000
__Hintsave_regs               intsave_regs 000000
__Hirdata                     irdata       000000
__Hmediumconst                mediumconst  010000
__HnvFARRAM                   nvFARRAM     000000
__Hnvbit                      nvbit        000000
__Hnvrram                     nvrram       000000
__Hparam                      rparam       000000
__Hpowerup                    powerup      00000E
__Hram                        ram          000000
__Hramtop                     ramtop       001000
__Hrbit                       rbit         000000
__Hrbss                       rbss         000000
__Hrdata                      rdata        000000
__Hreset_vec                  reset_vec    000004
__Hrparam                     rparam       000000
__Hsfr                        sfr          000000
__Hsmallconst                 smallconst   000000
__Hspace_0                    (abs)        30000E
__Hspace_1                    (abs)        00017B
__Hspace_2                    (abs)        000000
__Hstack                      stack        000000
__Hstruct                     struct       000000
__Htemp                       temp         00006B
__Htext                       text         000000
__Htext0                      text0        000000
__Htext1                      text1        000000
__Htext10                     text10       000000
__Htext11                     text11       000000
__Htext12                     text12       000000
__Htext13                     text13       000000
__Htext14                     text14       000000
__Htext15                     text15       000000
__Htext16                     text16       000000
__Htext17                     text17       000000
__Htext18                     text18       000000
__Htext19                     text19       000000
__Htext2                      text2        000000
__Htext20                     text20       000000
__Htext21                     text21       000000
__Htext22                     text22       000000
__Htext23                     text23       000000
__Htext24                     text24       000000
__Htext25                     text25       000000
__Htext26                     text26       000000
__Htext27                     text27       000000
__Htext28                     text28       000000
__Htext29                     text29       000000
__Htext3                      text3        000000
__Htext30                     text30       000000
__Htext31                     text31       000000
__Htext32                     text32       000000
__Htext33                     text33       000000
__Htext34                     text34       000000
__Htext35                     text35       000000
__Htext36                     text36       000000
__Htext37                     text37       000000
__Htext38                     text38       000000
__Htext39                     text39       000000
__Htext4                      text4        000000
__Htext41                     text41       000000
__Htext42                     text42       000000
__Htext43                     text43       000000
__Htext44                     text44       000000
__Htext45                     text45       000000
__Htext5                      text5        000000
__Htext6                      text6        000000
__Htext7                      text7        000000
__Htext8                      text8        000000
__Htext9                      text9        000000
__LRAM                        (abs)        000001
__Labs1                       abs1         000000
__Lbank0                      bank0        000000
__Lbank1                      bank1        000000
__Lbank10                     bank10       000000
__Lbank11                     bank11       000000
__Lbank12                     bank12       000000
__Lbank13                     bank13       000000
__Lbank14                     bank14       000000
__Lbank15                     bank15       000000
__Lbank2                      bank2        000000
__Lbank3                      bank3        000000
__Lbank4                      bank4        000000
__Lbank5                      bank5        000000
__Lbank6                      bank6        000000
__Lbank7                      bank7        000000
__Lbank8                      bank8        000000
__Lbank9                      bank9        000000
__Lbigbss                     bigbss       000000
__Lbigdata                    bigdata      000000
__Lbigram                     bigram       000000
__Lbss                        bss          000000
__LbssBANK1                   bssBANK1     000000
__LbssCOMRAM                  bssCOMRAM    000000
__Lcinit                      cinit        000000
__Lclrtext                    clrtext      000000
__Lcomram                     comram       000000
__Lconfig                     config       300000
__Lconst                      const        000000
__LcstackBANK0                cstackBANK0  000000
__LcstackBANK1                cstackBANK1  000000
__LcstackCOMRAM               cstackCOMRAM 000000
__Ldata                       data         000000
__LdataBANK0                  dataBANK0    000000
__LdataBANK1                  dataBANK1    000000
__LdataCOMRAM                 dataCOMRAM   000000
__Leeprom_data                eeprom_data  000000
__Lfarbss                     farbss       000000
__Lfardata                    fardata      000000
__Libigdata                   ibigdata     000000
__Lidata                      idata        000000
__LidataBANK0                 idataBANK0   000000
__LidataBANK1                 idataBANK1   000000
__LidataCOMRAM                idataCOMRAM  000000
__Lidloc                      idloc        200000
__Lifardata                   ifardata     000000
__Linit                       init         00000E
__Lintcode                    intcode      000008
__Lintcode_body               intcode_body 000000
__Lintcodelo                  intcodelo    00000E
__Lintentry                   intentry     000000
__Lintret                     intret       000000
__Lintsave_regs               intsave_regs 000000
__Lirdata                     irdata       000000
__Lmediumconst                mediumconst  00FE5A
__LnvFARRAM                   nvFARRAM     000000
__Lnvbit                      nvbit        000000
__Lnvrram                     nvrram       000000
__Lparam                      rparam       000000
__Lpowerup                    powerup      00000E
__Lram                        ram          000000
__Lramtop                     ramtop       001000
__Lrbit                       rbit         000000
__Lrbss                       rbss         000000
__Lrdata                      rdata        000000
__Lreset_vec                  reset_vec    000000
__Lrparam                     rparam       000000
__Lsfr                        sfr          000000
__Lsmallconst                 smallconst   000000
__Lspace_0                    (abs)        000000
__Lspace_1                    (abs)        000000
__Lspace_2                    (abs)        000000
__Lstack                      stack        000000
__Lstruct                     struct       000000
__Ltemp                       temp         00006A
__Ltext                       text         000000
__Ltext0                      text0        000000
__Ltext1                      text1        000000
__Ltext10                     text10       000000
__Ltext11                     text11       000000
__Ltext12                     text12       000000
__Ltext13                     text13       000000
__Ltext14                     text14       000000
__Ltext15                     text15       000000
__Ltext16                     text16       000000
__Ltext17                     text17       000000
__Ltext18                     text18       000000
__Ltext19                     text19       000000
__Ltext2                      text2        000000
__Ltext20                     text20       000000
__Ltext21                     text21       000000
__Ltext22                     text22       000000
__Ltext23                     text23       000000
__Ltext24                     text24       000000
__Ltext25                     text25       000000
__Ltext26                     text26       000000
__Ltext27                     text27       000000
__Ltext28                     text28       000000
__Ltext29                     text29       000000
__Ltext3                      text3        000000
__Ltext30                     text30       000000
__Ltext31                     text31       000000
__Ltext32                     text32       000000
__Ltext33                     text33       000000
__Ltext34                     text34       000000
__Ltext35                     text35       000000
__Ltext36                     text36       000000
__Ltext37                     text37       000000
__Ltext38                     text38       000000
__Ltext39                     text39       000000
__Ltext4                      text4        000000
__Ltext41                     text41       000000
__Ltext42                     text42       000000
__Ltext43                     text43       000000
__Ltext44                     text44       000000
__Ltext45                     text45       000000
__Ltext5                      text5        000000
__Ltext6                      text6        000000
__Ltext7                      text7        000000
__Ltext8                      text8        000000
__Ltext9                      text9        000000
__S0                          (abs)        30000E
__S1                          (abs)        00017B
__S2                          (abs)        000000
___aldiv                      text39       002436
___aldiv@counter              cstackCOMRAM 00001C
___aldiv@dividend             cstackCOMRAM 000014
___aldiv@divisor              cstackCOMRAM 000018
___aldiv@quotient             cstackCOMRAM 00001E
___aldiv@sign                 cstackCOMRAM 00001D
___almod                      text38       002674
___almod@counter              cstackCOMRAM 00001C
___almod@dividend             cstackCOMRAM 000014
___almod@divisor              cstackCOMRAM 000018
___almod@sign                 cstackCOMRAM 00001D
___awdiv                      text7        0027B0
___awdiv@counter              cstackCOMRAM 00001E
___awdiv@dividend             cstackCOMRAM 00001A
___awdiv@divisor              cstackCOMRAM 00001C
___awdiv@quotient             cstackCOMRAM 000020
___awdiv@sign                 cstackCOMRAM 00001F
___awmod                      text6        0029B8
___awmod@counter              cstackCOMRAM 000018
___awmod@dividend             cstackCOMRAM 000014
___awmod@divisor              cstackCOMRAM 000016
___awmod@sign                 cstackCOMRAM 000019
___awtoft                     text26       002DFC
___awtoft@c                   cstackCOMRAM 000028
___awtoft@sign                cstackCOMRAM 00002B
___ftadd                      text15       001D5C
___ftadd@exp1                 cstackBANK0  000092
___ftadd@exp2                 cstackBANK0  000091
___ftadd@f1                   cstackBANK0  000087
___ftadd@f2                   cstackBANK0  00008A
___ftadd@sign                 cstackBANK0  000090
___ftdiv                      text25       002350
___ftdiv@cntr                 cstackCOMRAM 000035
___ftdiv@exp                  cstackCOMRAM 000039
___ftdiv@f1                   cstackCOMRAM 00002C
___ftdiv@f2                   cstackCOMRAM 00002F
___ftdiv@f3                   cstackCOMRAM 000036
___ftdiv@sign                 cstackCOMRAM 00003A
___ftge                       text17       002720
___ftge@ff1                   cstackCOMRAM 000014
___ftge@ff2                   cstackCOMRAM 000017
___ftmul                      text5        00225C
___ftmul@cntr                 cstackCOMRAM 000051
___ftmul@exp                  cstackCOMRAM 00004D
___ftmul@f1                   cstackCOMRAM 000044
___ftmul@f2                   cstackCOMRAM 000047
___ftmul@f3_as_product        cstackCOMRAM 00004E
___ftmul@sign                 cstackCOMRAM 000052
___ftneg                      text16       002EAE
___ftneg@f1                   cstackCOMRAM 000014
___ftpack                     text27       0025C6
___ftpack@arg                 cstackCOMRAM 000014
___ftpack@exp                 cstackCOMRAM 000017
___ftpack@sign                cstackCOMRAM 000018
___ftsub                      text14       002D3E
___ftsub@f1                   cstackBANK0  000093
___ftsub@f2                   cstackBANK0  000096
___fttol                      text13       002164
___fttol@exp1                 cstackBANK0  000092
___fttol@f1                   cstackBANK0  000084
___fttol@lval                 cstackBANK0  00008E
___fttol@sign1                cstackBANK0  00008D
___inthi_sp                   stack        000000
___intlo_sp                   stack        000000
___lldiv                      text12       0028B6
___lldiv@counter              cstackCOMRAM 000020
___lldiv@dividend             cstackCOMRAM 000014
___lldiv@divisor              cstackCOMRAM 000018
___lldiv@quotient             cstackCOMRAM 00001C
___llmod                      text11       002A28
___llmod@counter              cstackCOMRAM 000029
___llmod@dividend             cstackCOMRAM 000021
___llmod@divisor              cstackCOMRAM 000025
___lltoft                     text10       002B56
___lltoft@c                   cstackCOMRAM 00001C
___lltoft@exp                 cstackCOMRAM 000024
___param_bank                 (abs)        000000
___rparam_used                (abs)        000001
___sp                         stack        000000
___wmul                       text24       002E62
___wmul@multiplicand          cstackCOMRAM 000024
___wmul@multiplier            cstackCOMRAM 000022
___wmul@product               cstackCOMRAM 000026
__accesstop                   (abs)        000080
__activetblptr                (abs)        000003
__div_to_l_                   text9        00203C
__div_to_l_@cntr              cstackCOMRAM 00001E
__div_to_l_@exp1              cstackCOMRAM 00001F
__div_to_l_@f1                cstackCOMRAM 000014
__div_to_l_@f2                cstackCOMRAM 000017
__div_to_l_@quot              cstackCOMRAM 00001A
__end_of_RX_ISR               text45       0029B8
__end_of___aldiv              text39       002502
__end_of___almod              text38       002720
__end_of___awdiv              text7        002834
__end_of___awmod              text6        002A28
__end_of___awtoft             text26       002E34
__end_of___ftadd              text15       001F0A
__end_of___ftdiv              text25       002436
__end_of___ftge               text17       0027B0
__end_of___ftmul              text5        002350
__end_of___ftneg              text16       002ED2
__end_of___ftpack             text27       002674
__end_of___ftsub              text14       002D80
__end_of___fttol              text13       00225C
__end_of___lldiv              text12       002938
__end_of___llmod              text11       002A8E
__end_of___lltoft             text10       002BB2
__end_of___wmul               text24       002E88
__end_of__div_to_l_           text9        002164
__end_of__initialization      cinit        0028AC
__end_of__npowers_            mediumconst  00FED1
__end_of__powers_             mediumconst  00FEAA
__end_of__tdiv_to_l_          text8        00203C
__end_of_delay_cycles         text34       002E62
__end_of_delay_ms             text35       002EAE
__end_of_dpowers              mediumconst  00FE83
__end_of_fround               text4        001D5C
__end_of_highIsr              intcode_body 0025C6
__end_of_initTimers01         text37       002CB0
__end_of_init_adc_no_lib      text36       002FE8
__end_of_int0_isr             text44       002FBC
__end_of_int1_isr             text43       002FA4
__end_of_int2_isr             text42       002F8C
__end_of_isdigit              text3        002F5A
__end_of_lcd_gotoxy           text30       002DC2
__end_of_lcd_init             text31       002B56
__end_of_lcd_putc             text29       002C5E
__end_of_lcd_puts             text28       002F1A
__end_of_lcd_send_byte        text32       002CF8
__end_of_lcd_send_nibble      text33       002F3C
__end_of_main                 text0        001676
__end_of_read_adc_raw_no_lib  text23       002DFC
__end_of_read_adc_voltage     text22       002AF4
__end_of_scale                text2        001ADE
__end_of_send_byte_no_lib     text21       002FDC
__end_of_send_string_no_lib   text20       002C08
__end_of_setupPorts           text19       002F74
__end_of_setupSerial          text18       002EF6
__end_of_sprintf              text1        000C4A
__end_of_timer_isr            text41       002D3E
__initialization              cinit        002834
__mediumconst                 mediumconst  00FE5A
__npowers_                    mediumconst  00FEAA
__pbssBANK1                   bssBANK1     000151
__pbssCOMRAM                  bssCOMRAM    000061
__pcinit                      cinit        002834
__pcstackBANK0                cstackBANK0  000080
__pcstackBANK1                cstackBANK1  000100
__pcstackCOMRAM               cstackCOMRAM 000001
__pdataBANK0                  dataBANK0    0000CF
__pdataBANK1                  dataBANK1    00016B
__pdataCOMRAM                 dataCOMRAM   000056
__pidataBANK0                 idataBANK0   002FF3
__pidataBANK1                 idataBANK1   002FBC
__pidataCOMRAM                idataCOMRAM  002FE8
__pintcode                    intcode      000008
__pintcode_body               intcode_body 002502
__pmediumconst                mediumconst  00FE5A
__powers_                     mediumconst  00FE83
__ptext0                      text0        000C4A
__ptext1                      text1        000012
__ptext10                     text10       002B56
__ptext11                     text11       002A28
__ptext12                     text12       0028B6
__ptext13                     text13       002164
__ptext14                     text14       002D3E
__ptext15                     text15       001D5C
__ptext16                     text16       002EAE
__ptext17                     text17       002720
__ptext18                     text18       002ED2
__ptext19                     text19       002F5A
__ptext2                      text2        001676
__ptext20                     text20       002BB2
__ptext21                     text21       002FCC
__ptext22                     text22       002A8E
__ptext23                     text23       002DC2
__ptext24                     text24       002E62
__ptext25                     text25       002350
__ptext26                     text26       002DFC
__ptext27                     text27       0025C6
__ptext28                     text28       002EF6
__ptext29                     text29       002C08
__ptext3                      text3        002F3C
__ptext30                     text30       002D80
__ptext31                     text31       002AF4
__ptext32                     text32       002CB0
__ptext33                     text33       002F1A
__ptext34                     text34       002E34
__ptext35                     text35       002E88
__ptext36                     text36       002FDC
__ptext37                     text37       002C5E
__ptext38                     text38       002674
__ptext39                     text39       002436
__ptext4                      text4        001ADE
__ptext41                     text41       002CF8
__ptext42                     text42       002F74
__ptext43                     text43       002F8C
__ptext44                     text44       002FA4
__ptext45                     text45       002938
__ptext5                      text5        00225C
__ptext6                      text6        0029B8
__ptext7                      text7        0027B0
__ptext8                      text8        001F0A
__ptext9                      text9        00203C
__ramtop                      ramtop       001000
__size_of_RX_ISR              (abs)        000000
__size_of___aldiv             (abs)        000000
__size_of___almod             (abs)        000000
__size_of___awdiv             (abs)        000000
__size_of___awmod             (abs)        000000
__size_of___awtoft            (abs)        000000
__size_of___ftadd             (abs)        000000
__size_of___ftdiv             (abs)        000000
__size_of___ftge              (abs)        000000
__size_of___ftmul             (abs)        000000
__size_of___ftneg             (abs)        000000
__size_of___ftpack            (abs)        000000
__size_of___ftsub             (abs)        000000
__size_of___fttol             (abs)        000000
__size_of___lldiv             (abs)        000000
__size_of___llmod             (abs)        000000
__size_of___lltoft            (abs)        000000
__size_of___wmul              (abs)        000000
__size_of__div_to_l_          (abs)        000000
__size_of__tdiv_to_l_         (abs)        000000
__size_of_delay_cycles        (abs)        000000
__size_of_delay_ms            (abs)        000000
__size_of_fround              (abs)        000000
__size_of_highIsr             (abs)        000000
__size_of_initTimers01        (abs)        000000
__size_of_init_adc_no_lib     (abs)        000000
__size_of_int0_isr            (abs)        000000
__size_of_int1_isr            (abs)        000000
__size_of_int2_isr            (abs)        000000
__size_of_isdigit             (abs)        000000
__size_of_lcd_gotoxy          (abs)        000000
__size_of_lcd_init            (abs)        000000
__size_of_lcd_putc            (abs)        000000
__size_of_lcd_puts            (abs)        000000
__size_of_lcd_send_byte       (abs)        000000
__size_of_lcd_send_nibble     (abs)        000000
__size_of_main                (abs)        000000
__size_of_read_adc_raw_no_lib (abs)        000000
__size_of_read_adc_voltage    (abs)        000000
__size_of_scale               (abs)        000000
__size_of_send_byte_no_lib    (abs)        000000
__size_of_send_string_no_lib  (abs)        000000
__size_of_setupPorts          (abs)        000000
__size_of_setupSerial         (abs)        000000
__size_of_sprintf             (abs)        000000
__size_of_timer_isr           (abs)        000000
__smallconst                  smallconst   000000
__tdiv_to_l_                  text8        001F0A
__tdiv_to_l_@cntr             cstackCOMRAM 000021
__tdiv_to_l_@exp1             cstackCOMRAM 000022
__tdiv_to_l_@f1               cstackCOMRAM 000014
__tdiv_to_l_@f2               cstackCOMRAM 000017
__tdiv_to_l_@quot             cstackCOMRAM 00001D
_array                        bssBANK1     00015B
_ch                           bssCOMRAM    000069
_delay_cycles                 text34       002E34
_delay_ms                     text35       002E88
_dpowers                      mediumconst  00FE5B
_fround                       text4        001ADE
_fround$1909                  cstackBANK0  000083
_fround$1910                  cstackBANK0  000080
_highIsr                      intcode      000008
_index                        bssCOMRAM    000065
_initTimers01                 text37       002C5E
_init_adc_no_lib              text36       002FDC
_int0_isr                     text44       002FA4
_int1_isr                     text43       002F8C
_int2_isr                     text42       002F74
_isdigit                      text3        002F3C
_isdigit$1523                 cstackCOMRAM 000015
_lcd                          (abs)        000F83
_lcd_gotoxy                   text30       002D80
_lcd_init                     text31       002AF4
_lcd_putc                     text29       002C08
_lcd_puts                     text28       002EF6
_lcd_send_byte                text32       002CB0
_lcd_send_nibble              text33       002F1A
_main                         text0        000C4A
_main$1234                    cstackBANK1  00013A
_main$1235                    cstackBANK1  00013C
_max                          dataCOMRAM   00005F
_read_adc_raw_no_lib          text23       002DC2
_read_adc_voltage             text22       002A8E
_ready                        bssBANK1     000156
_scale                        text2        001676
_scale$1911                   cstackBANK0  000080
_send_byte_no_lib             text21       002FCC
_send_string_no_lib           text20       002BB2
_setupPorts                   text19       002F5A
_setupSerial                  text18       002ED2
_sprintf                      text1        000012
_sprintf$1912                 cstackBANK0  0000AC
_state                        bssBANK1     00015A
_state_L4                     bssBANK1     000158
_timer_isr                    text41       002CF8
btemp                         temp         00006A
delay_cycles@n                cstackCOMRAM 000017
delay_cycles@x                cstackCOMRAM 000018
delay_ms@n                    cstackCOMRAM 000014
delay_ms@x                    cstackCOMRAM 000016
end_of_initialization         cinit        0028AC
fround@prec                   cstackBANK0  000086
int$flags                     temp         00006A
int_func                      intcode_body 002502
intlevel0                     text         000000
intlevel1                     text         000000
intlevel2                     text         000000
intlevel3                     text         000000
isdigit@c                     cstackCOMRAM 000016
lcd_gotoxy@address            cstackCOMRAM 000020
lcd_gotoxy@x                  cstackCOMRAM 00001F
lcd_gotoxy@y                  cstackCOMRAM 00001E
lcd_init@i                    cstackCOMRAM 00001E
lcd_putc@c                    cstackCOMRAM 000021
lcd_puts@s                    cstackCOMRAM 000022
lcd_send_byte@cm_data         cstackCOMRAM 00001D
lcd_send_byte@n               cstackCOMRAM 00001C
lcd_send_nibble@n             cstackCOMRAM 00001B
main@AN                       cstackBANK1  000147
main@Buffer                   cstackBANK1  000100
main@T                        cstackBANK1  000123
main@channel                  cstackBANK1  000150
main@displayClock             cstackBANK1  00013E
main@hr                       cstackBANK1  00013F
main@min                      cstackBANK1  000141
main@readc                    cstackBANK1  000128
main@readd0                   cstackBANK1  00012A
main@readd1                   cstackBANK1  00012C
main@readd2                   cstackBANK1  00012E
main@readd3                   cstackBANK1  000130
main@readd4                   cstackBANK1  000132
main@readd5                   cstackBANK1  000134
main@readd6                   cstackBANK1  000136
main@readd7                   cstackBANK1  000138
main@readh                    cstackBANK1  000126
main@sec                      cstackBANK1  000143
main@t                        cstackBANK1  000145
main@voltage                  cstackBANK1  000120
read_adc_raw_no_lib@channel   cstackCOMRAM 00001A
read_adc_raw_no_lib@raw_value cstackCOMRAM 000018
read_adc_voltage@channel      cstackCOMRAM 000041
read_adc_voltage@raw_value    cstackCOMRAM 000042
read_adc_voltage@voltage      cstackCOMRAM 00003E
scale@scl                     cstackBANK0  000083
send_byte_no_lib@c            cstackCOMRAM 000014
send_string_no_lib@p          cstackCOMRAM 000015
setupSerial@dummy             cstackCOMRAM 000014
sprintf@ap                    cstackBANK0  0000B1
sprintf@c                     cstackBANK0  0000C8
sprintf@cp                    cstackBANK0  0000AF
sprintf@exp                   cstackBANK0  0000BD
sprintf@f                     cstackBANK0  00009B
sprintf@flag                  cstackBANK0  0000C2
sprintf@fval                  cstackBANK0  0000BF
sprintf@len                   cstackBANK0  0000B3
sprintf@prec                  cstackBANK0  0000C4
sprintf@sp                    cstackBANK0  000099
sprintf@tmpval                cstackBANK0  0000B5
sprintf@val                   cstackBANK0  0000B9
sprintf@width                 cstackBANK0  0000C6
stackhi                       (abs)        000F7F
stacklo                       (abs)        00017B
start                         init         00000E
start_initialization          cinit        002834
wtemp6                        temp         00006B


FUNCTION INFORMATION:

 *************** function _main *****************
 Defined at:
		line 307 in file "HW_CLK.c"
 Parameters:    Size  Location     Type
		None
 Auto vars:     Size  Location     Type
  Buffer         32    0[BANK1 ] unsigned char [32]
  AN              9   71[BANK1 ] float [3]
  T               3   35[BANK1 ] float 
  voltage         3   32[BANK1 ] float 
  t               2   69[BANK1 ] int 
  sec             2   67[BANK1 ] int 
  min             2   65[BANK1 ] int 
  hr              2   63[BANK1 ] int 
  readd7          2   56[BANK1 ] int 
  readd6          2   54[BANK1 ] int 
  readd5          2   52[BANK1 ] int 
  readd4          2   50[BANK1 ] int 
  readd3          2   48[BANK1 ] int 
  readd2          2   46[BANK1 ] int 
  readd1          2   44[BANK1 ] int 
  readd0          2   42[BANK1 ] int 
  readc           2   40[BANK1 ] int 
  readh           2   38[BANK1 ] int 
  raw_val         2    0        int 
  m               2    0        int 
  channel         1   80[BANK1 ] unsigned char 
  displayClock    1   62[BANK1 ] unsigned char 
 Return value:  Size  Location     Type
                  1    wreg      void 
 Registers used:
		wreg, fsr0l, fsr0h, fsr2l, fsr2h, status,2, status,0, tblptrl, tblptrh, tblptru, prodl, prodh, cstack
 Tracked objects:
		On entry : 
		On exit  : 
		Unchanged: 
 Data sizes:     COMRAM   BANK0   BANK1   BANK2   BANK3   BANK4   BANK5   BANK6   BANK7   BANK8   BANK9  BANK10  BANK11  BANK12  BANK13  BANK14  BANK15
      Params:         0       0       0       0       0       0       0       0       0       0       0       0       0       0       0       0       0
      Locals:         0       0      81       0       0       0       0       0       0       0       0       0       0       0       0       0       0
      Temps:          0       6       0       0       0       0       0       0       0       0       0       0       0       0       0       0       0
      Totals:         0       6      81       0       0       0       0       0       0       0       0       0       0       0       0       0       0
Total ram usage:       87 bytes
 Hardware stack levels required when called:    8
 This function calls:
		___aldiv
		___almod
		___awdiv
		___awmod
		___ftmul
		_delay_ms
		_initTimers01
		_init_adc_no_lib
		_lcd_gotoxy
		_lcd_init
		_lcd_putc
		_lcd_puts
		_read_adc_voltage
		_send_string_no_lib
		_setupPorts
		_setupSerial
		_sprintf
 This function is called by:
		Startup code after reset
 This function uses a non-reentrant model


 *************** function _sprintf *****************
 Defined at:
		line 492 in file "C:\Program Files (x86)\Microchip\xc8\v1.45\sources\common\doprnt.c"
 Parameters:    Size  Location     Type
  sp              2   25[BANK0 ] PTR unsigned char 
		 -> main@Buffer(32), 
  f               2   27[BANK0 ] PTR const unsigned char 
		 -> STR_39(6), STR_38(22), STR_37(14), STR_36(16), 
		 -> STR_31(15), STR_30(21), STR_9(8), STR_8(8), 
		 -> STR_7(8), STR_6(22), 
 Auto vars:     Size  Location     Type
  val             4   57[BANK0 ] unsigned long 
  tmpval          4   53[BANK0 ] struct .
  fval            3   63[BANK0 ] struct .
  width           2   70[BANK0 ] int 
  prec            2   68[BANK0 ] int 
  flag            2   66[BANK0 ] unsigned short 
  exp             2   61[BANK0 ] int 
  len             2   51[BANK0 ] unsigned int 
  ap              2   49[BANK0 ] PTR void [1]
		 -> ?_sprintf(2), 
  cp              2   47[BANK0 ] PTR const unsigned char 
		 -> STR_41(7), STR_40(10), STR_35(4), STR_34(3), 
		 -> STR_33(4), STR_32(3), STR_5(8), STR_4(7), 
		 -> STR_3(3), STR_2(4), STR_1(4), 
  c               1   72[BANK0 ] char 
  d               1    0        unsigned char 
 Return value:  Size  Location     Type
                  2   25[BANK0 ] int 
 Registers used:
		wreg, fsr2l, fsr2h, status,2, status,0, tblptrl, tblptrh, tblptru, prodl, prodh, cstack
 Tracked objects:
		On entry : 
		On exit  : 
		Unchanged: 
 Data sizes:     COMRAM   BANK0   BANK1   BANK2   BANK3   BANK4   BANK5   BANK6   BANK7   BANK8   BANK9  BANK10  BANK11  BANK12  BANK13  BANK14  BANK15
      Params:         0      13       0       0       0       0       0       0       0       0       0       0       0       0       0       0       0
      Locals:         0      29       0       0       0       0       0       0       0       0       0       0       0       0       0       0       0
      Temps:          0       6       0       0       0       0       0       0       0       0       0       0       0       0       0       0       0
      Totals:         0      48       0       0       0       0       0       0       0       0       0       0       0       0       0       0       0
Total ram usage:       48 bytes
 Hardware stack levels used:    1
 Hardware stack levels required when called:    5
 This function calls:
		___awdiv
		___ftadd
		___ftge
		___ftmul
		___ftneg
		___ftsub
		___fttol
		___lldiv
		___llmod
		___lltoft
		___wmul
		__div_to_l_
		__tdiv_to_l_
		_fround
		_isdigit
		_scale
 This function is called by:
		_main
 This function uses a non-reentrant model


 *************** function _scale *****************
 Defined at:
		line 425 in file "C:\Program Files (x86)\Microchip\xc8\v1.45\sources\common\doprnt.c"
 Parameters:    Size  Location     Type
  scl             1    wreg     char 
 Auto vars:     Size  Location     Type
  scl             1    3[BANK0 ] char 
 Return value:  Size  Location     Type
                  3   82[COMRAM] char 
 Registers used:
		wreg, status,2, status,0, tblptrl, tblptrh, tblptru, prodl, prodh, cstack
 Tracked objects:
		On entry : 
		On exit  : 
		Unchanged: 
 Data sizes:     COMRAM   BANK0   BANK1   BANK2   BANK3   BANK4   BANK5   BANK6   BANK7   BANK8   BANK9  BANK10  BANK11  BANK12  BANK13  BANK14  BANK15
      Params:         3       0       0       0       0       0       0       0       0       0       0       0       0       0       0       0       0
      Locals:         0       4       0       0       0       0       0       0       0       0       0       0       0       0       0       0       0
      Temps:          0       0       0       0       0       0       0       0       0       0       0       0       0       0       0       0       0
      Totals:         3       4       0       0       0       0       0       0       0       0       0       0       0       0       0       0       0
Total ram usage:        7 bytes
 Hardware stack levels used:    1
 Hardware stack levels required when called:    4
 This function calls:
		___awdiv
		___awmod
		___ftmul
		___wmul
 This function is called by:
		_sprintf
 This function uses a non-reentrant model


 *************** function _isdigit *****************
 Defined at:
		line 8 in file "C:\Program Files (x86)\Microchip\xc8\v1.45\sources\common\isdigit.c"
 Parameters:    Size  Location     Type
  c               1    wreg     unsigned char 
 Auto vars:     Size  Location     Type
  c               1   21[COMRAM] unsigned char 
 Return value:  Size  Location     Type
		None               void
 Registers used:
		wreg, status,2, status,0
 Tracked objects:
		On entry : 
		On exit  : 
		Unchanged: 
 Data sizes:     COMRAM   BANK0   BANK1   BANK2   BANK3   BANK4   BANK5   BANK6   BANK7   BANK8   BANK9  BANK10  BANK11  BANK12  BANK13  BANK14  BANK15
      Params:         0       0       0       0       0       0       0       0       0       0       0       0       0       0       0       0       0
      Locals:         2       0       0       0       0       0       0       0       0       0       0       0       0       0       0       0       0
      Temps:          1       0       0       0       0       0       0       0       0       0       0       0       0       0       0       0       0
      Totals:         3       0       0       0       0       0       0       0       0       0       0       0       0       0       0       0       0
Total ram usage:        3 bytes
 Hardware stack levels used:    1
 Hardware stack levels required when called:    2
 This function calls:
		Nothing
 This function is called by:
		_sprintf
 This function uses a non-reentrant model


 *************** function _fround *****************
 Defined at:
		line 409 in file "C:\Program Files (x86)\Microchip\xc8\v1.45\sources\common\doprnt.c"
 Parameters:    Size  Location     Type
  prec            1    wreg     unsigned char 
 Auto vars:     Size  Location     Type
  prec            1    6[BANK0 ] unsigned char 
 Return value:  Size  Location     Type
                  3   82[COMRAM] unsigned char 
 Registers used:
		wreg, status,2, status,0, tblptrl, tblptrh, tblptru, prodl, prodh, cstack
 Tracked objects:
		On entry : 
		On exit  : 
		Unchanged: 
 Data sizes:     COMRAM   BANK0   BANK1   BANK2   BANK3   BANK4   BANK5   BANK6   BANK7   BANK8   BANK9  BANK10  BANK11  BANK12  BANK13  BANK14  BANK15
      Params:         3       0       0       0       0       0       0       0       0       0       0       0       0       0       0       0       0
      Locals:         0       7       0       0       0       0       0       0       0       0       0       0       0       0       0       0       0
      Temps:          0       0       0       0       0       0       0       0       0       0       0       0       0       0       0       0       0
      Totals:         3       7       0       0       0       0       0       0       0       0       0       0       0       0       0       0       0
Total ram usage:       10 bytes
 Hardware stack levels used:    1
 Hardware stack levels required when called:    4
 This function calls:
		___awdiv
		___awmod
		___ftmul
		___wmul
 This function is called by:
		_sprintf
 This function uses a non-reentrant model


 *************** function ___ftmul *****************
 Defined at:
		line 62 in file "C:\Program Files (x86)\Microchip\xc8\v1.45\sources\common\ftmul.c"
 Parameters:    Size  Location     Type
  f1              3   67[COMRAM] float 
  f2              3   70[COMRAM] float 
 Auto vars:     Size  Location     Type
  f3_as_produc    3   77[COMRAM] unsigned um
  sign            1   81[COMRAM] unsigned char 
  cntr            1   80[COMRAM] unsigned char 
  exp             1   76[COMRAM] unsigned char 
 Return value:  Size  Location     Type
                  3   67[COMRAM] float 
 Registers used:
		wreg, status,2, status,0, cstack
 Tracked objects:
		On entry : 
		On exit  : 
		Unchanged: 
 Data sizes:     COMRAM   BANK0   BANK1   BANK2   BANK3   BANK4   BANK5   BANK6   BANK7   BANK8   BANK9  BANK10  BANK11  BANK12  BANK13  BANK14  BANK15
      Params:         6       0       0       0       0       0       0       0       0       0       0       0       0       0       0       0       0
      Locals:         6       0       0       0       0       0       0       0       0       0       0       0       0       0       0       0       0
      Temps:          3       0       0       0       0       0       0       0       0       0       0       0       0       0       0       0       0
      Totals:        15       0       0       0       0       0       0       0       0       0       0       0       0       0       0       0       0
Total ram usage:       15 bytes
 Hardware stack levels used:    1
 Hardware stack levels required when called:    3
 This function calls:
		___ftpack
 This function is called by:
		_main
		_fround
		_scale
		_sprintf
 This function uses a non-reentrant model


 *************** function ___awmod *****************
 Defined at:
		line 8 in file "C:\Program Files (x86)\Microchip\xc8\v1.45\sources\common\awmod.c"
 Parameters:    Size  Location     Type
  dividend        2   19[COMRAM] int 
  divisor         2   21[COMRAM] int 
 Auto vars:     Size  Location     Type
  sign            1   24[COMRAM] unsigned char 
  counter         1   23[COMRAM] unsigned char 
 Return value:  Size  Location     Type
                  2   19[COMRAM] int 
 Registers used:
		wreg, status,2, status,0
 Tracked objects:
		On entry : 
		On exit  : 
		Unchanged: 
 Data sizes:     COMRAM   BANK0   BANK1   BANK2   BANK3   BANK4   BANK5   BANK6   BANK7   BANK8   BANK9  BANK10  BANK11  BANK12  BANK13  BANK14  BANK15
      Params:         4       0       0       0       0       0       0       0       0       0       0       0       0       0       0       0       0
      Locals:         2       0       0       0       0       0       0       0       0       0       0       0       0       0       0       0       0
      Temps:          0       0       0       0       0       0       0       0       0       0       0       0       0       0       0       0       0
      Totals:         6       0       0       0       0       0       0       0       0       0       0       0       0       0       0       0       0
Total ram usage:        6 bytes
 Hardware stack levels used:    1
 Hardware stack levels required when called:    2
 This function calls:
		Nothing
 This function is called by:
		_main
		_fround
		_scale
 This function uses a non-reentrant model


 *************** function ___awdiv *****************
 Defined at:
		line 8 in file "C:\Program Files (x86)\Microchip\xc8\v1.45\sources\common\awdiv.c"
 Parameters:    Size  Location     Type
  dividend        2   25[COMRAM] int 
  divisor         2   27[COMRAM] int 
 Auto vars:     Size  Location     Type
  quotient        2   31[COMRAM] int 
  sign            1   30[COMRAM] unsigned char 
  counter         1   29[COMRAM] unsigned char 
 Return value:  Size  Location     Type
                  2   25[COMRAM] int 
 Registers used:
		wreg, status,2, status,0
 Tracked objects:
		On entry : 
		On exit  : 
		Unchanged: 
 Data sizes:     COMRAM   BANK0   BANK1   BANK2   BANK3   BANK4   BANK5   BANK6   BANK7   BANK8   BANK9  BANK10  BANK11  BANK12  BANK13  BANK14  BANK15
      Params:         4       0       0       0       0       0       0       0       0       0       0       0       0       0       0       0       0
      Locals:         4       0       0       0       0       0       0       0       0       0       0       0       0       0       0       0       0
      Temps:          0       0       0       0       0       0       0       0       0       0       0       0       0       0       0       0       0
      Totals:         8       0       0       0       0       0       0       0       0       0       0       0       0       0       0       0       0
Total ram usage:        8 bytes
 Hardware stack levels used:    1
 Hardware stack levels required when called:    2
 This function calls:
		Nothing
 This function is called by:
		_main
		_fround
		_scale
		_sprintf
 This function uses a non-reentrant model


 *************** function __tdiv_to_l_ *****************
 Defined at:
		line 60 in file "C:\Program Files (x86)\Microchip\xc8\v1.45\sources\common\ftdivl.c"
 Parameters:    Size  Location     Type
  f1              3   19[COMRAM] float 
  f2              3   22[COMRAM] float 
 Auto vars:     Size  Location     Type
  quot            4   28[COMRAM] unsigned long 
  exp1            1   33[COMRAM] unsigned char 
  cntr            1   32[COMRAM] unsigned char 
 Return value:  Size  Location     Type
                  4   19[COMRAM] unsigned long 
 Registers used:
		wreg, status,2, status,0
 Tracked objects:
		On entry : 
		On exit  : 
		Unchanged: 
 Data sizes:     COMRAM   BANK0   BANK1   BANK2   BANK3   BANK4   BANK5   BANK6   BANK7   BANK8   BANK9  BANK10  BANK11  BANK12  BANK13  BANK14  BANK15
      Params:         6       0       0       0       0       0       0       0       0       0       0       0       0       0       0       0       0
      Locals:         6       0       0       0       0       0       0       0       0       0       0       0       0       0       0       0       0
      Temps:          3       0       0       0       0       0       0       0       0       0       0       0       0       0       0       0       0
      Totals:        15       0       0       0       0       0       0       0       0       0       0       0       0       0       0       0       0
Total ram usage:       15 bytes
 Hardware stack levels used:    1
 Hardware stack levels required when called:    2
 This function calls:
		Nothing
 This function is called by:
		_sprintf
 This function uses a non-reentrant model


 *************** function __div_to_l_ *****************
 Defined at:
		line 60 in file "C:\Program Files (x86)\Microchip\xc8\v1.45\sources\common\fldivl.c"
 Parameters:    Size  Location     Type
  f1              3   19[COMRAM] unsigned long 
  f2              3   22[COMRAM] unsigned long 
 Auto vars:     Size  Location     Type
  quot            4   25[COMRAM] unsigned long 
  exp1            1   30[COMRAM] unsigned char 
  cntr            1   29[COMRAM] unsigned char 
 Return value:  Size  Location     Type
                  4   19[COMRAM] unsigned long 
 Registers used:
		wreg, status,2, status,0
 Tracked objects:
		On entry : 
		On exit  : 
		Unchanged: 
 Data sizes:     COMRAM   BANK0   BANK1   BANK2   BANK3   BANK4   BANK5   BANK6   BANK7   BANK8   BANK9  BANK10  BANK11  BANK12  BANK13  BANK14  BANK15
      Params:         6       0       0       0       0       0       0       0       0       0       0       0       0       0       0       0       0
      Locals:         6       0       0       0       0       0       0       0       0       0       0       0       0       0       0       0       0
      Temps:          0       0       0       0       0       0       0       0       0       0       0       0       0       0       0       0       0
      Totals:        12       0       0       0       0       0       0       0       0       0       0       0       0       0       0       0       0
Total ram usage:       12 bytes
 Hardware stack levels used:    1
 Hardware stack levels required when called:    2
 This function calls:
		Nothing
 This function is called by:
		_sprintf
 This function uses a non-reentrant model


 *************** function ___lltoft *****************
 Defined at:
		line 35 in file "C:\Program Files (x86)\Microchip\xc8\v1.45\sources\common\lltoft.c"
 Parameters:    Size  Location     Type
  c               4   27[COMRAM] unsigned long 
 Auto vars:     Size  Location     Type
  exp             1   35[COMRAM] unsigned char 
 Return value:  Size  Location     Type
                  3   27[COMRAM] float 
 Registers used:
		wreg, status,2, status,0, cstack
 Tracked objects:
		On entry : 
		On exit  : 
		Unchanged: 
 Data sizes:     COMRAM   BANK0   BANK1   BANK2   BANK3   BANK4   BANK5   BANK6   BANK7   BANK8   BANK9  BANK10  BANK11  BANK12  BANK13  BANK14  BANK15
      Params:         4       0       0       0       0       0       0       0       0       0       0       0       0       0       0       0       0
      Locals:         1       0       0       0       0       0       0       0       0       0       0       0       0       0       0       0       0
      Temps:          4       0       0       0       0       0       0       0       0       0       0       0       0       0       0       0       0
      Totals:         9       0       0       0       0       0       0       0       0       0       0       0       0       0       0       0       0
Total ram usage:        9 bytes
 Hardware stack levels used:    1
 Hardware stack levels required when called:    3
 This function calls:
		___ftpack
 This function is called by:
		_sprintf
 This function uses a non-reentrant model


 *************** function ___llmod *****************
 Defined at:
		line 8 in file "C:\Program Files (x86)\Microchip\xc8\v1.45\sources\common\llmod.c"
 Parameters:    Size  Location     Type
  dividend        4   32[COMRAM] unsigned long 
  divisor         4   36[COMRAM] unsigned long 
 Auto vars:     Size  Location     Type
  counter         1   40[COMRAM] unsigned char 
 Return value:  Size  Location     Type
                  4   32[COMRAM] unsigned long 
 Registers used:
		wreg, status,2, status,0
 Tracked objects:
		On entry : 
		On exit  : 
		Unchanged: 
 Data sizes:     COMRAM   BANK0   BANK1   BANK2   BANK3   BANK4   BANK5   BANK6   BANK7   BANK8   BANK9  BANK10  BANK11  BANK12  BANK13  BANK14  BANK15
      Params:         8       0       0       0       0       0       0       0       0       0       0       0       0       0       0       0       0
      Locals:         1       0       0       0       0       0       0       0       0       0       0       0       0       0       0       0       0
      Temps:          0       0       0       0       0       0       0       0       0       0       0       0       0       0       0       0       0
      Totals:         9       0       0       0       0       0       0       0       0       0       0       0       0       0       0       0       0
Total ram usage:        9 bytes
 Hardware stack levels used:    1
 Hardware stack levels required when called:    2
 This function calls:
		Nothing
 This function is called by:
		_sprintf
 This function uses a non-reentrant model


 *************** function ___lldiv *****************
 Defined at:
		line 8 in file "C:\Program Files (x86)\Microchip\xc8\v1.45\sources\common\lldiv.c"
 Parameters:    Size  Location     Type
  dividend        4   19[COMRAM] unsigned long 
  divisor         4   23[COMRAM] unsigned long 
 Auto vars:     Size  Location     Type
  quotient        4   27[COMRAM] unsigned long 
  counter         1   31[COMRAM] unsigned char 
 Return value:  Size  Location     Type
                  4   19[COMRAM] unsigned long 
 Registers used:
		wreg, status,2, status,0
 Tracked objects:
		On entry : 
		On exit  : 
		Unchanged: 
 Data sizes:     COMRAM   BANK0   BANK1   BANK2   BANK3   BANK4   BANK5   BANK6   BANK7   BANK8   BANK9  BANK10  BANK11  BANK12  BANK13  BANK14  BANK15
      Params:         8       0       0       0       0       0       0       0       0       0       0       0       0       0       0       0       0
      Locals:         5       0       0       0       0       0       0       0       0       0       0       0       0       0       0       0       0
      Temps:          0       0       0       0       0       0       0       0       0       0       0       0       0       0       0       0       0
      Totals:        13       0       0       0       0       0       0       0       0       0       0       0       0       0       0       0       0
Total ram usage:       13 bytes
 Hardware stack levels used:    1
 Hardware stack levels required when called:    2
 This function calls:
		Nothing
 This function is called by:
		_sprintf
 This function uses a non-reentrant model


 *************** function ___fttol *****************
 Defined at:
		line 44 in file "C:\Program Files (x86)\Microchip\xc8\v1.45\sources\common\fttol.c"
 Parameters:    Size  Location     Type
  f1              3    4[BANK0 ] float 
 Auto vars:     Size  Location     Type
  lval            4   14[BANK0 ] unsigned long 
  exp1            1   18[BANK0 ] unsigned char 
  sign1           1   13[BANK0 ] unsigned char 
 Return value:  Size  Location     Type
                  4    4[BANK0 ] long 
 Registers used:
		wreg, status,2, status,0
 Tracked objects:
		On entry : 
		On exit  : 
		Unchanged: 
 Data sizes:     COMRAM   BANK0   BANK1   BANK2   BANK3   BANK4   BANK5   BANK6   BANK7   BANK8   BANK9  BANK10  BANK11  BANK12  BANK13  BANK14  BANK15
      Params:         0       4       0       0       0       0       0       0       0       0       0       0       0       0       0       0       0
      Locals:         0       6       0       0       0       0       0       0       0       0       0       0       0       0       0       0       0
      Temps:          0       5       0       0       0       0       0       0       0       0       0       0       0       0       0       0       0
      Totals:         0      15       0       0       0       0       0       0       0       0       0       0       0       0       0       0       0
Total ram usage:       15 bytes
 Hardware stack levels used:    1
 Hardware stack levels required when called:    2
 This function calls:
		Nothing
 This function is called by:
		_sprintf
 This function uses a non-reentrant model


 *************** function ___ftsub *****************
 Defined at:
		line 20 in file "C:\Program Files (x86)\Microchip\xc8\v1.45\sources\common\ftsub.c"
 Parameters:    Size  Location     Type
  f1              3   19[BANK0 ] float 
  f2              3   22[BANK0 ] float 
 Auto vars:     Size  Location     Type
		None
 Return value:  Size  Location     Type
                  3   19[BANK0 ] float 
 Registers used:
		wreg, status,2, status,0, cstack
 Tracked objects:
		On entry : 
		On exit  : 
		Unchanged: 
 Data sizes:     COMRAM   BANK0   BANK1   BANK2   BANK3   BANK4   BANK5   BANK6   BANK7   BANK8   BANK9  BANK10  BANK11  BANK12  BANK13  BANK14  BANK15
      Params:         0       6       0       0       0       0       0       0       0       0       0       0       0       0       0       0       0
      Locals:         0       0       0       0       0       0       0       0       0       0       0       0       0       0       0       0       0
      Temps:          0       0       0       0       0       0       0       0       0       0       0       0       0       0       0       0       0
      Totals:         0       6       0       0       0       0       0       0       0       0       0       0       0       0       0       0       0
Total ram usage:        6 bytes
 Hardware stack levels used:    1
 Hardware stack levels required when called:    4
 This function calls:
		___ftadd
 This function is called by:
		_sprintf
 This function uses a non-reentrant model


 *************** function ___ftadd *****************
 Defined at:
		line 86 in file "C:\Program Files (x86)\Microchip\xc8\v1.45\sources\common\ftadd.c"
 Parameters:    Size  Location     Type
  f1              3    7[BANK0 ] float 
  f2              3   10[BANK0 ] float 
 Auto vars:     Size  Location     Type
  exp1            1   18[BANK0 ] unsigned char 
  exp2            1   17[BANK0 ] unsigned char 
  sign            1   16[BANK0 ] unsigned char 
 Return value:  Size  Location     Type
[...]
		_lcd_send_byte
		_lcd_init
		_lcd_putc
		_main
 This function uses a non-reentrant model


 *************** function _init_adc_no_lib *****************
 Defined at:
		line 11 in file "my_adc.c"
 Parameters:    Size  Location     Type
		None
 Auto vars:     Size  Location     Type
		None
 Return value:  Size  Location     Type
                  1    wreg      void 
 Registers used:
		wreg, status,2
 Tracked objects:
		On entry : 
		On exit  : 
		Unchanged: 
 Data sizes:     COMRAM   BANK0   BANK1   BANK2   BANK3   BANK4   BANK5   BANK6   BANK7   BANK8   BANK9  BANK10  BANK11  BANK12  BANK13  BANK14  BANK15
      Params:         0       0       0       0       0       0       0       0       0       0       0       0       0       0       0       0       0
      Locals:         0       0       0       0       0       0       0       0       0       0       0       0       0       0       0       0       0
      Temps:          0       0       0       0       0       0       0       0       0       0       0       0       0       0       0       0       0
      Totals:         0       0       0       0       0       0       0       0       0       0       0       0       0       0       0       0       0
Total ram usage:        0 bytes
 Hardware stack levels used:    1
 Hardware stack levels required when called:    2
 This function calls:
		Nothing
 This function is called by:
		_main
 This function uses a non-reentrant model


 *************** function _initTimers01 *****************
 Defined at:
		line 166 in file "HW_CLK.c"
 Parameters:    Size  Location     Type
		None
 Auto vars:     Size  Location     Type
		None
 Return value:  Size  Location     Type
                  1    wreg      void 
 Registers used:
		wreg, status,2
 Tracked objects:
		On entry : 
		On exit  : 
		Unchanged: 
 Data sizes:     COMRAM   BANK0   BANK1   BANK2   BANK3   BANK4   BANK5   BANK6   BANK7   BANK8   BANK9  BANK10  BANK11  BANK12  BANK13  BANK14  BANK15
      Params:         0       0       0       0       0       0       0       0       0       0       0       0       0       0       0       0       0
      Locals:         0       0       0       0       0       0       0       0       0       0       0       0       0       0       0       0       0
      Temps:          0       0       0       0       0       0       0       0       0       0       0       0       0       0       0       0       0
      Totals:         0       0       0       0       0       0       0       0       0       0       0       0       0       0       0       0       0
Total ram usage:        0 bytes
 Hardware stack levels used:    1
 Hardware stack levels required when called:    2
 This function calls:
		Nothing
 This function is called by:
		_main
 This function uses a non-reentrant model


 *************** function ___almod *****************
 Defined at:
		line 8 in file "C:\Program Files (x86)\Microchip\xc8\v1.45\sources\common\almod.c"
 Parameters:    Size  Location     Type
  dividend        4   19[COMRAM] long 
  divisor         4   23[COMRAM] long 
 Auto vars:     Size  Location     Type
  sign            1   28[COMRAM] unsigned char 
  counter         1   27[COMRAM] unsigned char 
 Return value:  Size  Location     Type
                  4   19[COMRAM] long 
 Registers used:
		wreg, status,2, status,0
 Tracked objects:
		On entry : 
		On exit  : 
		Unchanged: 
 Data sizes:     COMRAM   BANK0   BANK1   BANK2   BANK3   BANK4   BANK5   BANK6   BANK7   BANK8   BANK9  BANK10  BANK11  BANK12  BANK13  BANK14  BANK15
      Params:         8       0       0       0       0       0       0       0       0       0       0       0       0       0       0       0       0
      Locals:         2       0       0       0       0       0       0       0       0       0       0       0       0       0       0       0       0
      Temps:          0       0       0       0       0       0       0       0       0       0       0       0       0       0       0       0       0
      Totals:        10       0       0       0       0       0       0       0       0       0       0       0       0       0       0       0       0
Total ram usage:       10 bytes
 Hardware stack levels used:    1
 Hardware stack levels required when called:    2
 This function calls:
		Nothing
 This function is called by:
		_main
 This function uses a non-reentrant model


 *************** function ___aldiv *****************
 Defined at:
		line 8 in file "C:\Program Files (x86)\Microchip\xc8\v1.45\sources\common\aldiv.c"
 Parameters:    Size  Location     Type
  dividend        4   19[COMRAM] long 
  divisor         4   23[COMRAM] long 
 Auto vars:     Size  Location     Type
  quotient        4   29[COMRAM] long 
  sign            1   28[COMRAM] unsigned char 
  counter         1   27[COMRAM] unsigned char 
 Return value:  Size  Location     Type
                  4   19[COMRAM] long 
 Registers used:
		wreg, status,2, status,0
 Tracked objects:
		On entry : 
		On exit  : 
		Unchanged: 
 Data sizes:     COMRAM   BANK0   BANK1   BANK2   BANK3   BANK4   BANK5   BANK6   BANK7   BANK8   BANK9  BANK10  BANK11  BANK12  BANK13  BANK14  BANK15
      Params:         8       0       0       0       0       0       0       0       0       0       0       0       0       0       0       0       0
      Locals:         6       0       0       0       0       0       0       0       0       0       0       0       0       0       0       0       0
      Temps:          0       0       0       0       0       0       0       0       0       0       0       0       0       0       0       0       0
      Totals:        14       0       0       0       0       0       0       0       0       0       0       0       0       0       0       0       0
Total ram usage:       14 bytes
 Hardware stack levels used:    1
 Hardware stack levels required when called:    2
 This function calls:
		Nothing
 This function is called by:
		_main
 This function uses a non-reentrant model


 *************** function _highIsr *****************
 Defined at:
		line 279 in file "HW_CLK.c"
 Parameters:    Size  Location     Type
		None
 Auto vars:     Size  Location     Type
		None
 Return value:  Size  Location     Type
                  1    wreg      void 
 Registers used:
		wreg, fsr2l, fsr2h, status,2, status,0, cstack
 Tracked objects:
		On entry : 
		On exit  : 
		Unchanged: 
 Data sizes:     COMRAM   BANK0   BANK1   BANK2   BANK3   BANK4   BANK5   BANK6   BANK7   BANK8   BANK9  BANK10  BANK11  BANK12  BANK13  BANK14  BANK15
      Params:         0       0       0       0       0       0       0       0       0       0       0       0       0       0       0       0       0
      Locals:         0       0       0       0       0       0       0       0       0       0       0       0       0       0       0       0       0
      Temps:         18       0       0       0       0       0       0       0       0       0       0       0       0       0       0       0       0
      Totals:        18       0       0       0       0       0       0       0       0       0       0       0       0       0       0       0       0
Total ram usage:       18 bytes
 Hardware stack levels used:    1
 Hardware stack levels required when called:    1
 This function calls:
		_RX_ISR
		_int0_isr
		_int1_isr
		_int2_isr
		_timer_isr
 This function is called by:
		Interrupt level 2
 This function uses a non-reentrant model


 *************** function _timer_isr *****************
 Defined at:
		line 266 in file "HW_CLK.c"
 Parameters:    Size  Location     Type
		None
 Auto vars:     Size  Location     Type
		None
 Return value:  Size  Location     Type
                  1    wreg      void 
 Registers used:
		wreg, status,2, status,0
 Tracked objects:
		On entry : 
		On exit  : 
		Unchanged: 
 Data sizes:     COMRAM   BANK0   BANK1   BANK2   BANK3   BANK4   BANK5   BANK6   BANK7   BANK8   BANK9  BANK10  BANK11  BANK12  BANK13  BANK14  BANK15
      Params:         0       0       0       0       0       0       0       0       0       0       0       0       0       0       0       0       0
      Locals:         0       0       0       0       0       0       0       0       0       0       0       0       0       0       0       0       0
      Temps:          0       0       0       0       0       0       0       0       0       0       0       0       0       0       0       0       0
      Totals:         0       0       0       0       0       0       0       0       0       0       0       0       0       0       0       0       0
Total ram usage:        0 bytes
 Hardware stack levels used:    1
 This function calls:
		Nothing
 This function is called by:
		_highIsr
 This function uses a non-reentrant model


 *************** function _int2_isr *****************
 Defined at:
		line 256 in file "HW_CLK.c"
 Parameters:    Size  Location     Type
		None
 Auto vars:     Size  Location     Type
		None
 Return value:  Size  Location     Type
                  1    wreg      void 
 Registers used:
		wreg, status,2, status,0
 Tracked objects:
		On entry : 
		On exit  : 
		Unchanged: 
 Data sizes:     COMRAM   BANK0   BANK1   BANK2   BANK3   BANK4   BANK5   BANK6   BANK7   BANK8   BANK9  BANK10  BANK11  BANK12  BANK13  BANK14  BANK15
      Params:         0       0       0       0       0       0       0       0       0       0       0       0       0       0       0       0       0
      Locals:         0       0       0       0       0       0       0       0       0       0       0       0       0       0       0       0       0
      Temps:          0       0       0       0       0       0       0       0       0       0       0       0       0       0       0       0       0
      Totals:         0       0       0       0       0       0       0       0       0       0       0       0       0       0       0       0       0
Total ram usage:        0 bytes
 Hardware stack levels used:    1
 This function calls:
		Nothing
 This function is called by:
		_highIsr
 This function uses a non-reentrant model


 *************** function _int1_isr *****************
 Defined at:
		line 236 in file "HW_CLK.c"
 Parameters:    Size  Location     Type
		None
 Auto vars:     Size  Location     Type
		None
 Return value:  Size  Location     Type
                  1    wreg      void 
 Registers used:
		wreg, status,2, status,0
 Tracked objects:
		On entry : 
		On exit  : 
		Unchanged: 
 Data sizes:     COMRAM   BANK0   BANK1   BANK2   BANK3   BANK4   BANK5   BANK6   BANK7   BANK8   BANK9  BANK10  BANK11  BANK12  BANK13  BANK14  BANK15
      Params:         0       0       0       0       0       0       0       0       0       0       0       0       0       0       0       0       0
      Locals:         0       0       0       0       0       0       0       0       0       0       0       0       0       0       0       0       0
      Temps:          0       0       0       0       0       0       0       0       0       0       0       0       0       0       0       0       0
      Totals:         0       0       0       0       0       0       0       0       0       0       0       0       0       0       0       0       0
Total ram usage:        0 bytes
 Hardware stack levels used:    1
 This function calls:
		Nothing
 This function is called by:
		_highIsr
 This function uses a non-reentrant model


 *************** function _int0_isr *****************
 Defined at:
		line 245 in file "HW_CLK.c"
 Parameters:    Size  Location     Type
		None
 Auto vars:     Size  Location     Type
		None
 Return value:  Size  Location     Type
                  1    wreg      void 
 Registers used:
		wreg, status,2, status,0
 Tracked objects:
		On entry : 
		On exit  : 
		Unchanged: 
 Data sizes:     COMRAM   BANK0   BANK1   BANK2   BANK3   BANK4   BANK5   BANK6   BANK7   BANK8   BANK9  BANK10  BANK11  BANK12  BANK13  BANK14  BANK15
      Params:         0       0       0       0       0       0       0       0       0       0       0       0       0       0       0       0       0
      Locals:         0       0       0       0       0       0       0       0       0       0       0       0       0       0       0       0       0
      Temps:          0       0       0       0       0       0       0       0       0       0       0       0       0       0       0       0       0
      Totals:         0       0       0       0       0       0       0       0       0       0       0       0       0       0       0       0       0
Total ram usage:        0 bytes
 Hardware stack levels used:    1
 This function calls:
		Nothing
 This function is called by:
		_highIsr
 This function uses a non-reentrant model


 *************** function _RX_ISR *****************
 Defined at:
		line 205 in file "HW_CLK.c"
 Parameters:    Size  Location     Type
		None
 Auto vars:     Size  Location     Type
		None
 Return value:  Size  Location     Type
                  1    wreg      void 
 Registers used:
		wreg, fsr2l, fsr2h, status,2, status,0
 Tracked objects:
		On entry : 
		On exit  : 
		Unchanged: 
 Data sizes:     COMRAM   BANK0   BANK1   BANK2   BANK3   BANK4   BANK5   BANK6   BANK7   BANK8   BANK9  BANK10  BANK11  BANK12  BANK13  BANK14  BANK15
      Params:         0       0       0       0       0       0       0       0       0       0       0       0       0       0       0       0       0
      Locals:         0       0       0       0       0       0       0       0       0       0       0       0       0       0       0       0       0
      Temps:          1       0       0       0       0       0       0       0       0       0       0       0       0       0       0       0       0
      Totals:         1       0       0       0       0       0       0       0       0       0       0       0       0       0       0       0       0
Total ram usage:        1 bytes
 Hardware stack levels used:    1
 This function calls:
		Nothing
 This function is called by:
		_highIsr
 This function uses a non-reentrant model



MODULE INFORMATION

Module		Function		Class		Link	Load	Size
C:\Program Files (x86)\Microchip\xc8\v1.45\sources\common\ftneg.c
		___ftneg       		CODE           	2EAE	0000	37

C:\Program Files (x86)\Microchip\xc8\v1.45\sources\common\ftneg.c estimated size: 37

my_s.c
		_send_byte_no_lib		CODE           	2FCC	0000	17
		_setupSerial   		CODE           	2ED2	0000	37
		_send_string_no_lib		CODE           	2BB2	0000	87

my_s.c estimated size: 141

HW_CLK.c
		_int0_isr      		CODE           	2FA4	0000	25
		_main          		CODE           	0C4A	0000	2605
		_int1_isr      		CODE           	2F8C	0000	25
		_highIsr       		CODE           	0008	0000	203
		_int2_isr      		CODE           	2F74	0000	25
		_timer_isr     		CODE           	2CF8	0000	71
		_initTimers01  		CODE           	2C5E	0000	83
		_RX_ISR        		CODE           	2938	0000	129
		_setupPorts    		CODE           	2F5A	0000	27

HW_CLK.c estimated size: 3193

C:\Program Files (x86)\Microchip\xc8\v1.45\sources\common\ftsub.c
		___ftsub       		CODE           	2D3E	0000	67

C:\Program Files (x86)\Microchip\xc8\v1.45\sources\common\ftsub.c estimated size: 67

C:\Program Files (x86)\Microchip\xc8\v1.45\sources\common\float.c
		___ftpack      		CODE           	25C6	0000	175

C:\Program Files (x86)\Microchip\xc8\v1.45\sources\common\float.c estimated size: 175

C:\Program Files (x86)\Microchip\xc8\v1.45\sources\common\doprnt.c
		_scale         		CODE           	1676	0000	1129
		_sprintf       		CODE           	0012	0000	3129
		_fround        		CODE           	1ADE	0000	639

C:\Program Files (x86)\Microchip\xc8\v1.45\sources\common\doprnt.c estimated size: 4897

C:\Program Files (x86)\Microchip\xc8\v1.45\sources\common\lltoft.c
		___lltoft      		CODE           	2B56	0000	93

C:\Program Files (x86)\Microchip\xc8\v1.45\sources\common\lltoft.c estimated size: 93

C:\Program Files (x86)\Microchip\xc8\v1.45\sources\common\Umul16.c
		___wmul        		CODE           	2E62	0000	39

C:\Program Files (x86)\Microchip\xc8\v1.45\sources\common\Umul16.c estimated size: 39

C:\Program Files (x86)\Microchip\xc8\v1.45\sources\common\ftge.c
		___ftge        		CODE           	2720	0000	145

C:\Program Files (x86)\Microchip\xc8\v1.45\sources\common\ftge.c estimated size: 145

my_adc.c
		_init_adc_no_lib		CODE           	2FDC	0000	13
		_read_adc_raw_no_lib		CODE           	2DC2	0000	59
		_read_adc_voltage		CODE           	2A8E	0000	103

my_adc.c estimated size: 175

C:\Program Files (x86)\Microchip\xc8\v1.45\sources\common\isdigit.c
		_isdigit       		CODE           	2F3C	0000	31

C:\Program Files (x86)\Microchip\xc8\v1.45\sources\common\isdigit.c estimated size: 31

C:\Program Files (x86)\Microchip\xc8\v1.45\sources\common\ftdivl.c
		__tdiv_to_l_   		CODE           	1F0A	0000	307

C:\Program Files (x86)\Microchip\xc8\v1.45\sources\common\ftdivl.c estimated size: 307

C:\Program Files (x86)\Microchip\xc8\v1.45\sources\common\ftmul.c
		___ftmul       		CODE           	225C	0000	245

C:\Program Files (x86)\Microchip\xc8\v1.45\sources\common\ftmul.c estimated size: 245

C:\Program Files (x86)\Microchip\xc8\v1.45\sources\common\awmod.c
		___awmod       		CODE           	29B8	0000	113

C:\Program Files (x86)\Microchip\xc8\v1.45\sources\common\awmod.c estimated size: 113

C:\Program Files (x86)\Microchip\xc8\v1.45\sources\common\ftdiv.c
		___ftdiv       		CODE           	2350	0000	231

C:\Program Files (x86)\Microchip\xc8\v1.45\sources\common\ftdiv.c estimated size: 231

C:\Program Files (x86)\Microchip\xc8\v1.45\sources\common\llmod.c
		___llmod       		CODE           	2A28	0000	103

C:\Program Files (x86)\Microchip\xc8\v1.45\sources\common\llmod.c estimated size: 103

C:\Program Files (x86)\Microchip\xc8\v1.45\sources\common\almod.c
		___almod       		CODE           	2674	0000	173

C:\Program Files (x86)\Microchip\xc8\v1.45\sources\common\almod.c estimated size: 173

C:\Program Files (x86)\Microchip\xc8\v1.45\sources\common\fldivl.c
		__div_to_l_    		CODE           	203C	0000	297

C:\Program Files (x86)\Microchip\xc8\v1.45\sources\common\fldivl.c estimated size: 297

shared
		__powers_      		MEDIUMCONST    	FE83	0000	40
		_dpowers       		MEDIUMCONST    	FE5B	0000	41
		__npowers_     		MEDIUMCONST    	FEAA	0000	40
		__initialization		CODE           	2834	0000	121

shared estimated size: 242

C:\Program Files (x86)\Microchip\xc8\v1.45\sources\common\fttol.c
		___fttol       		CODE           	2164	0000	249

C:\Program Files (x86)\Microchip\xc8\v1.45\sources\common\fttol.c estimated size: 249

C:\Program Files (x86)\Microchip\xc8\v1.45\sources\common\awtoft.c
		___awtoft      		CODE           	2DFC	0000	57

C:\Program Files (x86)\Microchip\xc8\v1.45\sources\common\awtoft.c estimated size: 57

C:\Program Files (x86)\Microchip\xc8\v1.45\sources\common\awdiv.c
		___awdiv       		CODE           	27B0	0000	133

C:\Program Files (x86)\Microchip\xc8\v1.45\sources\common\awdiv.c estimated size: 133

C:\Program Files (x86)\Microchip\xc8\v1.45\sources\common\ftadd.c
		___ftadd       		CODE           	1D5C	0000	431

C:\Program Files (x86)\Microchip\xc8\v1.45\sources\common\ftadd.c estimated size: 431

C:\Program Files (x86)\Microchip\xc8\v1.45\sources\common\lldiv.c
		___lldiv       		CODE           	28B6	0000	131

C:\Program Files (x86)\Microchip\xc8\v1.45\sources\common\lldiv.c estimated size: 131

lcd_x8.c
		_lcd_putc      		CODE           	2C08	0000	87
		_lcd_puts      		CODE           	2EF6	0000	37
		_lcd_send_byte 		CODE           	2CB0	0000	73
		_lcd_gotoxy    		CODE           	2D80	0000	67
		_lcd_send_nibble		CODE           	2F1A	0000	35
		_delay_ms      		CODE           	2E88	0000	39
		_lcd_init      		CODE           	2AF4	0000	99
		_delay_cycles  		CODE           	2E34	0000	47

lcd_x8.c estimated size: 484

C:\Program Files (x86)\Microchip\xc8\v1.45\sources\common\aldiv.c
		___aldiv       		CODE           	2436	0000	205

C:\Program Files (x86)\Microchip\xc8\v1.45\sources\common\aldiv.c estimated size: 205

